======================================================================
FEEDBACK EXPERIMENT: Text-input vs Video-input
======================================================================

Loading data...
✓ Parsed 9 unique feedback entries
✓ Loaded 62 video descriptions
✓ Loaded 21 ground truth entries

Feedback distribution: violence: 3, language: 3, drugs: 1, sexuality: 1, horror: 1

======================================================================
TEXT-INPUT FEEDBACK WORKFLOW
======================================================================

(a) Processing 9 feedbacks with TEXT input...
  [1/9] ''its okay'' WYM YOU JUST MADE ME JUMP #ethanwinters #reside... | violence
      → 8.5s
  [2/9] HEISENBERG'S FIRST DEAL!🤑｜ Breaking Bad #shorts-Ix3XLxar5Uo.... | language
      → 7.4s
  [3/9] 발매한지 한 달도 안 돼서 특이점이 와버린 게임 모드-jo13504_u9A.mp4... | violence
      → 6.4s
  [4/9] BOOTED by Gordon Ramsay？! #shorts #gordonramsay #fyp-gT-ZPJW... | violence
      → 9.2s
  [5/9] Thomas Shelby Smoking 4k 🚬 ⧸⧸#thomasshelby #peakyblinders #s... | drugs
      → 4.6s
  [6/9] first f bomb in marvel-5vl1dJPsFTo.mp4... | language
      → 5.8s
  [7/9] where's my daughter scene ｜ prisoners (2013)-nY3Nsri3NOA.mp4... | language
      → 9.8s
  [8/9] 클래식하고 묵직합니다 #독전 #김주혁 #진서연 #조진웅-W3pQ3Z9JrI0.mp4... | sexuality
      → 6.6s
  [9/9] 클래식하고 묵직합니다 #독전 #김주혁 #진서연 #조진웅-W3pQ3Z9JrI0.mp4... | horror
      → 8.7s
  Total feedback processing time: 67.0s

(b) Updating considerations with processed feedbacks...
  → 0.000s

(c) Re-analyzing all 20 videos for 5 changed criteria...
    Criteria: violence, language, drugs, sexuality, horror
      WARNING: Could not parse result for drugs. Response: 영상 내용이 제공되지 않아 심의를 진행할 수 없습니다. 영상 내용을 제공해 주시면 심의 기준에 따라 분석해 드리겠습니다....
      API error (attempt 1/3): 503 UNAVAILABLE. {'error': {'code': 503, 'message': 'The service is currently unavailable.', 'status
      Waiting 5s before retry...
      API error (attempt 1/3): 500 INTERNAL. {'error': {'code': 500, 'message': 'An internal error has occurred. Please retry or re
      Waiting 5s before retry...
  → 204.5s

(d) TEXT-INPUT TOTAL TIME: 271.5s

======================================================================
VIDEO-INPUT FEEDBACK WORKFLOW
======================================================================

⏩ REUSING previous video-based results from: experiment_results/feedback_experiment_20251125_200942.json

  Loaded video-input data:
    Feedback time: 281.7s
    Re-analysis time: 319.6s
    Total time: 601.3s
    Videos analyzed: 20

======================================================================
CALCULATING ACCURACY
======================================================================

Text-input accuracy:
  Accuracy: 96.8% (92/95)
  Precision: 92.0%
  Recall: 95.8%
  F1: 93.9%

Video-input accuracy:
  Accuracy: 95.8% (91/95)
  Precision: 88.5%
  Recall: 95.8%
  F1: 92.0%

Results saved to: experiment_results/feedback_experiment_20251125_210404.json

======================================================================
COMPARISON RESULTS
======================================================================

TIME COMPARISON:
  Text-input total:  271.5s
  Video-input total: 601.3s
  → Text is 2.22x faster

ACCURACY COMPARISON:
  Text-input:  96.8% (92/95)
  Video-input: 95.8% (91/95)


======================================================================
EXPERIMENT COMPLETE
======================================================================
